// Jest Snapshot v1, https://goo.gl/fbAQLP

exports[`Intro Unit Test should match snapshot 1`] = `
<Intro
  avatar="https://avatars0.githubusercontent.com/u/17098281?s=460&v=4"
  description="I am a web developer"
  name="John Doe"
>
  <Avatar
    avatar="https://avatars0.githubusercontent.com/u/17098281?s=460&v=4"
    description="I am a web developer"
    name="John Doe"
  >
    <styled.div
      onMouseEnter={[Function]}
      onMouseLeave={[Function]}
    >
      <div
        className="sc-bczRLJ jSjJJI"
        onMouseEnter={[Function]}
        onMouseLeave={[Function]}
      >
        <img
          alt="John Doe"
          src="https://avatars0.githubusercontent.com/u/17098281?s=460&v=4"
        />
        <styled.h1>
          <h1
            className="sc-gsnTZi gzdunp"
          >
            John Doe
          </h1>
        </styled.h1>
        <styled.div>
          <div
            className="sc-hKMtZM jJvjeA"
          >
            <Styled(Github)>
              <Github
                className="sc-eCYdqJ bbyqMt"
              >
                <StyledIconBase
                  className="sc-eCYdqJ bbyqMt"
                  iconAttrs={
                    Object {
                      "fill": "none",
                      "stroke": "currentColor",
                      "strokeLinecap": "round",
                      "strokeLinejoin": "round",
                      "xmlns": "http://www.w3.org/2000/svg",
                    }
                  }
                  iconVerticalAlign="middle"
                  iconViewBox="0 0 24 24"
                >
                  <ForwardRef
                    className="StyledIconBase-ea9ulj-0 lbJwfL sc-eCYdqJ bbyqMt"
                    iconAttrs={
                      Object {
                        "fill": "none",
                        "stroke": "currentColor",
                        "strokeLinecap": "round",
                        "strokeLinejoin": "round",
                        "xmlns": "http://www.w3.org/2000/svg",
                      }
                    }
                    iconVerticalAlign="middle"
                    iconViewBox="0 0 24 24"
                  >
                    <svg
                      aria-hidden="true"
                      className="StyledIconBase-ea9ulj-0 lbJwfL sc-eCYdqJ bbyqMt"
                      fill="none"
                      focusable="false"
                      stroke="currentColor"
                      strokeLinecap="round"
                      strokeLinejoin="round"
                      viewBox="0 0 24 24"
                      xmlns="http://www.w3.org/2000/svg"
                    >
                      <path
                        d="M9 19c-5 1.5-5-2.5-7-3m14 6v-3.87a3.37 3.37 0 00-.94-2.61c3.14-.35 6.44-1.54 6.44-7A5.44 5.44 0 0020 4.77 5.07 5.07 0 0019.91 1S18.73.65 16 2.48a13.38 13.38 0 00-7 0C6.27.65 5.09 1 5.09 1A5.07 5.07 0 005 4.77a5.44 5.44 0 00-1.5 3.78c0 5.42 3.3 6.61 6.44 7A3.37 3.37 0 009 18.13V22"
                      />
                    </svg>
                  </ForwardRef>
                </StyledIconBase>
              </Github>
            </Styled(Github)>
            <styled.div>
              <div
                className="sc-iBkjds dVKIrG"
              />
            </styled.div>
            <Styled(Linkedin)>
              <Linkedin
                className="sc-jSMfEi kQLwkn"
              >
                <StyledIconBase
                  className="sc-jSMfEi kQLwkn"
                  iconAttrs={
                    Object {
                      "fill": "none",
                      "stroke": "currentColor",
                      "strokeLinecap": "round",
                      "strokeLinejoin": "round",
                      "xmlns": "http://www.w3.org/2000/svg",
                    }
                  }
                  iconVerticalAlign="middle"
                  iconViewBox="0 0 24 24"
                >
                  <ForwardRef
                    className="StyledIconBase-ea9ulj-0 lbJwfL sc-jSMfEi kQLwkn"
                    iconAttrs={
                      Object {
                        "fill": "none",
                        "stroke": "currentColor",
                        "strokeLinecap": "round",
                        "strokeLinejoin": "round",
                        "xmlns": "http://www.w3.org/2000/svg",
                      }
                    }
                    iconVerticalAlign="middle"
                    iconViewBox="0 0 24 24"
                  >
                    <svg
                      aria-hidden="true"
                      className="StyledIconBase-ea9ulj-0 lbJwfL sc-jSMfEi kQLwkn"
                      fill="none"
                      focusable="false"
                      stroke="currentColor"
                      strokeLinecap="round"
                      strokeLinejoin="round"
                      viewBox="0 0 24 24"
                      xmlns="http://www.w3.org/2000/svg"
                    >
                      <path
                        d="M16 8a6 6 0 016 6v7h-4v-7a2 2 0 00-2-2 2 2 0 00-2 2v7h-4v-7a6 6 0 016-6z"
                      />
                      <rect
                        height={12}
                        width={4}
                        x={2}
                        y={9}
                      />
                      <circle
                        cx={4}
                        cy={4}
                        r={2}
                      />
                    </svg>
                  </ForwardRef>
                </StyledIconBase>
              </Linkedin>
            </Styled(Linkedin)>
            <styled.div>
              <div
                className="sc-iBkjds dVKIrG"
              />
            </styled.div>
            <Styled(Mail)>
              <Mail
                className="sc-gKXOVf kAsmmW"
              >
                <StyledIconBase
                  className="sc-gKXOVf kAsmmW"
                  iconAttrs={
                    Object {
                      "fill": "none",
                      "stroke": "currentColor",
                      "strokeLinecap": "round",
                      "strokeLinejoin": "round",
                      "xmlns": "http://www.w3.org/2000/svg",
                    }
                  }
                  iconVerticalAlign="middle"
                  iconViewBox="0 0 24 24"
                >
                  <ForwardRef
                    className="StyledIconBase-ea9ulj-0 lbJwfL sc-gKXOVf kAsmmW"
                    iconAttrs={
                      Object {
                        "fill": "none",
                        "stroke": "currentColor",
                        "strokeLinecap": "round",
                        "strokeLinejoin": "round",
                        "xmlns": "http://www.w3.org/2000/svg",
                      }
                    }
                    iconVerticalAlign="middle"
                    iconViewBox="0 0 24 24"
                  >
                    <svg
                      aria-hidden="true"
                      className="StyledIconBase-ea9ulj-0 lbJwfL sc-gKXOVf kAsmmW"
                      fill="none"
                      focusable="false"
                      stroke="currentColor"
                      strokeLinecap="round"
                      strokeLinejoin="round"
                      viewBox="0 0 24 24"
                      xmlns="http://www.w3.org/2000/svg"
                    >
                      <path
                        d="M4 4h16c1.1 0 2 .9 2 2v12c0 1.1-.9 2-2 2H4c-1.1 0-2-.9-2-2V6c0-1.1.9-2 2-2z"
                      />
                      <polyline
                        points="22,6 12,13 2,6"
                      />
                    </svg>
                  </ForwardRef>
                </StyledIconBase>
              </Mail>
            </Styled(Mail)>
          </div>
        </styled.div>
      </div>
    </styled.div>
  </Avatar>
</Intro>
`;
