// Jest Snapshot v1, https://goo.gl/fbAQLP

exports[`Accordion Unit Test Component should render correctly 1`] = `
<Accordion
  card={true}
  className=""
  content=""
  disabled={false}
  header=""
  open={false}
>
  <div
    className="accordion-main-wrapper
        accordion-closed
        
        accordion-card
        
    "
  >
    <div
      className="accordion-header-wrapper"
      onClick={[Function]}
    >
      <div
        className="accordion-header-title"
      />
      <div
        className="accordion-header-caret-wrapper"
      >
        <span
          className="accordion-header-caret"
        />
      </div>
    </div>
    <div
      className="accordion-content-wrapper"
    >
      <div
        className="accordion-content"
      />
    </div>
  </div>
</Accordion>
`;
